// Jest Snapshot v1, https://goo.gl/fbAQLP

exports[`IntroPage Should render correctly 1`] = `
<div
  class="css-11vlmwh"
  style="padding:32px;max-width:700px;"
>
  <h1>
    Contiamo UI
  </h1>
  <h2>
    A single collection of UI components that compose to create Contiamo products.
  </h2>
  <div
    class="grid"
  >
    <a
      href="/components"
    >
      <div
        class="css-13my6zf card"
      >
        <svg
          height="30"
          viewbox="0 0 24 24"
          width="30"
          xmlns="http://www.w3.org/2000/svg"
        >
          <path
            d="M12.89 1.45l8 4A2 2 0 0 1 22 7.24v9.53a2 2 0 0 1-1.11 1.79l-8 4a2 2 0 0 1-1.79 0l-8-4a2 2 0 0 1-1.1-1.8V7.24a2 2 0 0 1 1.11-1.79l8-4a2 2 0 0 1 1.78 0z"
            fill="none"
            stroke="#777"
            stroke-linecap="round"
            stroke-linejoin="round"
            stroke-width="2"
          />
          <polyline
            fill="none"
            points="2.32 6.16 12 11 21.68 6.16"
            stroke="#777"
            stroke-linecap="round"
            stroke-linejoin="round"
            stroke-width="2"
          />
          <line
            fill="none"
            stroke="#777"
            stroke-linecap="round"
            stroke-linejoin="round"
            stroke-width="2"
            x1="12"
            x2="12"
            y1="22.76"
            y2="11"
          />
        </svg>
        <h2>
          Components
        </h2>
      </div>
    </a>
    <div
      class="css-13my6zf card card_disabled"
    >
      <svg
        height="30"
        viewbox="0 0 24 24"
        width="30"
        xmlns="http://www.w3.org/2000/svg"
      >
        <rect
          fill="none"
          height="7"
          stroke="#777"
          stroke-linecap="round"
          stroke-linejoin="round"
          stroke-width="2"
          width="7"
          x="3"
          y="3"
        />
        <rect
          fill="none"
          height="7"
          stroke="#777"
          stroke-linecap="round"
          stroke-linejoin="round"
          stroke-width="2"
          width="7"
          x="14"
          y="3"
        />
        <rect
          fill="none"
          height="7"
          stroke="#777"
          stroke-linecap="round"
          stroke-linejoin="round"
          stroke-width="2"
          width="7"
          x="14"
          y="14"
        />
        <rect
          fill="none"
          height="7"
          stroke="#777"
          stroke-linecap="round"
          stroke-linejoin="round"
          stroke-width="2"
          width="7"
          x="3"
          y="14"
        />
      </svg>
      <h2>
        Composed
      </h2>
    </div>
    <a
      href="/visualizations"
    >
      <div
        class="css-13my6zf card"
      >
        <svg
          height="30"
          viewbox="0 0 24 24"
          width="30"
          xmlns="http://www.w3.org/2000/svg"
        >
          <rect
            fill="none"
            height="18"
            stroke="#777"
            stroke-linecap="round"
            stroke-linejoin="round"
            stroke-width="2"
            width="4"
            x="10"
            y="3"
          />
          <rect
            fill="none"
            height="13"
            stroke="#777"
            stroke-linecap="round"
            stroke-linejoin="round"
            stroke-width="2"
            width="4"
            x="18"
            y="8"
          />
          <rect
            fill="none"
            height="8"
            stroke="#777"
            stroke-linecap="round"
            stroke-linejoin="round"
            stroke-width="2"
            width="4"
            x="2"
            y="13"
          />
        </svg>
        <h2>
          Visualizations
        </h2>
      </div>
    </a>
  </div>
</div>
`;
