// Jest Snapshot v1, https://goo.gl/fbAQLP

exports[`App Showcase: SideNavigation Should render correctly 1`] = `
<glamorous(SideNavigation)
  color="#4E5665"
  css={[Function]}
  expandOnHover={true}
  fix={true}
>
  <glamorous(SideNavigationHeader)>
    <Link
      replace={false}
      to="/"
    >
      <glamorous.Img
        alt="Contiamo"
        css={
          Object {
            "marginRight": 16,
            "maxWidth": 32,
          }
        }
        src="/img/logo/outline.png"
      />
      Contiamo
    </Link>
  </glamorous(SideNavigationHeader)>
  <glamorous(class_1)
    tooltip="Components"
  >
    <Link
      replace={false}
      to="/components"
    >
      <Box
        color="#fff"
        size={20}
      />
      <glamorous.Div
        className="SideNavigationItem__label"
        css={
          Object {
            "color": "#fff",
          }
        }
      >
        Components
      </glamorous.Div>
    </Link>
  </glamorous(class_1)>
  <glamorous(class_1)
    tooltip="Composed"
  >
    <Link
      replace={false}
      to="#"
    >
      <Grid
        color="#fff"
        size={20}
      />
      <div
        className="SideNavigationItem__label"
      >
        Composed
      </div>
    </Link>
  </glamorous(class_1)>
  <glamorous(class_1)
    tooltip="Visualizations"
  >
    <Link
      replace={false}
      to="/visualizations"
    >
      <BarChart2
        color="#fff"
        size={20}
      />
      <glamorous.Div
        className="SideNavigationItem__label"
        css={
          Object {
            "color": "#fff",
          }
        }
      >
        Visualizations
      </glamorous.Div>
    </Link>
  </glamorous(class_1)>
  <glamorous.Div
    css={
      Object {
        "flexGrow": 1,
        "height": "100%",
      }
    }
  />
</glamorous(SideNavigation)>
`;
