// Jest Snapshot v1, https://goo.gl/fbAQLP

exports[`Buttons Page Should render correctly 1`] = `
<div>
  <div
    class="css-by30gj"
  >
    Buttons
  </div>
  <p>
    Buttons clearly indicate a point of interaction that allow users to perform actions in applications. On Contiamo, buttons exist independently, and in groups. These buttons can also take on any number of colors required.
  </p>
  <h4>
    Usage
  </h4>
  <div
    class="playground"
  >
    <div
      class="playgroundCode"
    >
      <div
        class="ReactCodeMirror playgroundStage"
      >
        <textarea
          autocomplete="off"
        >
          t]
        </textarea>
      </div>
    </div>
    <div
      class="playgroundPreview"
    >
      <div>
        <div
          class="previewArea"
        />
      </div>
    </div>
  </div>
  <h4>
    Props
  </h4>
  <table
    class="css-81lp1j"
  >
    <thead>
      <tr>
        <th>
          Name
        </th>
        <th>
          Description
        </th>
        <th>
          Default
        </th>
        <th>
          Type
        </th>
        <th>
          Optional?
        </th>
      </tr>
    </thead>
    <tbody>
      <tr>
        <td>
          color
        </td>
        <td>
          What color of button would you like? It can be a hex value or a named theme color.
        </td>
        <td>
          white
        </td>
        <td>
          string
        </td>
        <td>
          ✅
        </td>
      </tr>
      <tr>
        <td>
          onClick
        </td>
        <td>
          What happens when the button is clicked?
        </td>
        <td />
        <td>
          func
        </td>
        <td>
          ✅
        </td>
      </tr>
    </tbody>
  </table>
</div>
`;
